// Jest Snapshot v1, https://goo.gl/fbAQLP

exports[`Tabs should render correctly 1`] = `
Array [
  <nav
    className="movie-nav movie-card__nav"
  >
    <ul
      className="movie-nav__list"
    >
      <li
        className="movie-nav__item movie-nav__item--active"
        onClick={[Function]}
      >
        <a
          className="movie-nav__link"
          href="#"
        >
          Overview
        </a>
      </li>
      <li
        className="movie-nav__item "
        onClick={[Function]}
      >
        <a
          className="movie-nav__link"
          href="#"
        >
          Details
        </a>
      </li>
      <li
        className="movie-nav__item "
        onClick={[Function]}
      >
        <a
          className="movie-nav__link"
          href="#"
        >
          Reviews
        </a>
      </li>
    </ul>
  </nav>,
  <div
    className="movie-rating movie-tab movie-tab--overview
        "
  >
    <div
      className="movie-rating__score"
    />
    <p
      className="movie-rating__meta"
    >
      <span
        className="movie-rating__level"
      >
        
      </span>
      <span
        className="movie-rating__count"
      >
         ratings
      </span>
    </p>
  </div>,
  <div
    className="movie-card__text movie-tab movie-tab--overview
        "
  >
    <p
      className="movie-card__director"
    >
      <strong>
        Director: 
        Steven Zaillian
      </strong>
    </p>
    <p
      className="movie-card__starring"
    >
      <strong>
        Starring: 
        John Travolta, Robert Duvall, Stephen Fry
         and other
      </strong>
    </p>
  </div>,
  <div
    className="movie-card__text movie-card__row movie-tab movie-tab--details
        visually-hidden"
  >
    <div
      className="movie-card__text-col"
    >
      <p
        className="movie-card__details-item"
      >
        <strong
          className="movie-card__details-name"
        >
          Director
        </strong>
        <span
          className="movie-card__details-value"
        >
          Steven Zaillian
        </span>
      </p>
      <p
        className="movie-card__details-item"
      >
        <strong
          className="movie-card__details-name"
        >
          Starring
        </strong>
        <span
          className="movie-card__details-value"
        >
          John Travolta
           
          <br />
          Robert Duvall
           
          <br />
          Stephen Fry
           
          <br />
        </span>
      </p>
    </div>
    <div
      className="movie-card__text-col"
    >
      <p
        className="movie-card__details-item"
      >
        <strong
          className="movie-card__details-name"
        >
          Run Time
        </strong>
        <span
          className="movie-card__details-value"
        >
          NaN
          h 
          NaN
          m
        </span>
      </p>
      <p
        className="movie-card__details-item"
      >
        <strong
          className="movie-card__details-name"
        >
          Genre
        </strong>
        <span
          className="movie-card__details-value"
        >
          Thrillers
        </span>
      </p>
      <p
        className="movie-card__details-item"
      >
        <strong
          className="movie-card__details-name"
        >
          Released
        </strong>
        <span
          className="movie-card__details-value"
        >
          1991
        </span>
      </p>
    </div>
  </div>,
  <div
    className="movie-card__reviews movie-card__row movie-tab movie-tab--reviews
        visually-hidden"
  >
    <div
      className="movie-card__reviews-col"
    >
      <div
        className="review"
      >
        <blockquote
          className="review__quote"
        >
          <p
            className="review__text"
          >
            Discerning travellers and Wes Anderson fans will luxuriate in the glorious Mittel-European kitsch of one of the director's funniest and most exquisitely designed movies in years.
          </p>
          <footer
            className="review__details"
          >
            <cite
              className="review__author"
            >
              Kate Muir
            </cite>
            <time
              className="review__date"
              dateTime="March 15, 2019"
            >
              March 15, 2019
            </time>
          </footer>
        </blockquote>
        <div
          className="review__rating"
        >
          9
        </div>
      </div>
      <br />
      <div
        className="review"
      >
        <blockquote
          className="review__quote"
        >
          <p
            className="review__text"
          >
            Ut ornare lectus sit amet. Molestie at elementum eu facilisis sed odio morbi quis. Sit amet dictum sit amet justo donec. Pulvinar neque laoreet suspendisse interdum consectetur libero id faucibus nisl.
          </p>
          <footer
            className="review__details"
          >
            <cite
              className="review__author"
            >
              Bill Goodykoontz
            </cite>
            <time
              className="review__date"
              dateTime="March 25, 2019"
            >
              March 25, 2019
            </time>
          </footer>
        </blockquote>
        <div
          className="review__rating"
        >
          8
        </div>
      </div>
      <br />
      <div
        className="review"
      >
        <blockquote
          className="review__quote"
        >
          <p
            className="review__text"
          >
            Pulvinar elementum integer enim neque volutpat ac tincidunt. Parturient montes nascetur ridiculus mus mauris vitae.
          </p>
          <footer
            className="review__details"
          >
            <cite
              className="review__author"
            >
              Amanda Greever
            </cite>
            <time
              className="review__date"
              dateTime="March 15, 2018"
            >
              March 15, 2018
            </time>
          </footer>
        </blockquote>
        <div
          className="review__rating"
        >
          6.7
        </div>
      </div>
      <br />
    </div>
  </div>,
]
`;
