// Jest Snapshot v1, https://goo.gl/fbAQLP

exports[`VideoPlayer is rendered correctly 1`] = `
<div
  className="small-movie-card__image"
>
  <video
    width="100%"
  />
</div>
`;
