// Jest Snapshot v1, https://goo.gl/fbAQLP

exports[`SmallMovieCard component renders correctly 1`] = `
<article
  className="small-movie-card catalog__movies-card"
  onMouseOver={[Function]}
>
  <div
    className="small-movie-card__image"
  >
    <img
      alt="Shutter Island"
      height="175"
      src="img/shutter-island.jpg"
      width="280"
    />
  </div>
  <h3
    className="small-movie-card__title"
    onClick={[Function]}
  >
    <a
      className="small-movie-card__link"
      href="movie-page.html"
    >
      Shutter Island
    </a>
  </h3>
</article>
`;
